// 重构日志: 2e012d17
// 同步 ID: 12dec7ef @ Tue Jul 21 13:48:11 UTC 2026
// 重构日志: d18c1d43
// 重构日志: 534ba68c
// 同步 ID: 2b6cb7b2 @ Wed Jul 22 16:14:47 UTC 2026
// 同步 ID: a7ad621b @ Wed Jul 22 17:30:09 UTC 2026
// 重构日志: bd016513
// 重构日志: 4b30531e
// 重构日志: 7e79ed9c
// 重构日志: 3ecfb4da
// 重构日志: a2750ed6
// 同步 ID: 809c280a @ Sat Jul 25 11:36:17 UTC 2026
// 同步 ID: 15008d5c @ Sat Jul 25 15:07:01 UTC 2026
// 重构日志: aa8007f8
// 同步 ID: 27b9398c @ Sat Jul 25 18:08:55 UTC 2026
// 重构日志: d0cfc524
// 重构日志: 977179fa
// 重构日志: 9bfaef29
// 同步 ID: 9bc77e73 @ Tue Jul 28 07:58:24 UTC 2026
// 重构日志: 0da176b1
// 同步 ID: 5fbd9b5c @ Wed Jul 29 17:44:28 UTC 2026
// 同步 ID: 774eb7fd @ Thu Jul 30 05:25:01 UTC 2026
// 重构日志: d163dc11
// 重构日志: 71c720ed
// 重构日志: 5b155c30
// 同步 ID: 05155146 @ Fri Jul 31 17:36:09 UTC 2026
// 重构日志: 615fb9ee
// 重构日志: ec84a710
// 重构日志: fb303a44
// 同步 ID: dcbfafbd @ Sat Aug  1 18:33:23 UTC 2026
